// Jest Snapshot v1, https://goo.gl/fbAQLP

exports[`Prueba en GifGridItem Debe de mostrar el componente correctamente  1`] = `
<div
  className="card animate__animated animate__fadeIn"
>
  <img
    alt="Hola"
    src="http://hi"
  />
  <p>
    Hola
  </p>
</div>
`;
